// Jest Snapshot v1, https://goo.gl/fbAQLP

exports[`FeedbackOptions (Buttons) component Should render FeedbackOptions (Buttons) component 1`] = `ShallowWrapper {}`;
